[     219ms] Unexpected token ')'
[     223ms] Unexpected token ')'
[     223ms] Unexpected token ')'
[     223ms] Unexpected token ')'
[     223ms] Unexpected token ')'
[     223ms] Unexpected token ')'
[     223ms] Unexpected token ')'
[     223ms] Unexpected token ')'
[     223ms] Unexpected token ')'
[     223ms] Unexpected token ')'
[     223ms] Unexpected token ')'
[     223ms] Unexpected token ')'
[     223ms] Unexpected token ')'
[     223ms] Unexpected token ')'
[     223ms] Unexpected token ')'
[     224ms] Unexpected token ')'
[     224ms] Unexpected token ')'
[     224ms] Unexpected token ')'
[     224ms] Unexpected token ')'
[     224ms] Unexpected token ')'
[     224ms] Unexpected token ')'
[     224ms] Unexpected token ')'
[     224ms] Unexpected token ')'
[     224ms] Unexpected token ')'
[     224ms] Unexpected token ')'
[     224ms] Unexpected token ')'
[     224ms] Unexpected token ')'
[     224ms] Unexpected token ')'
[     224ms] Unexpected token ')'
[     224ms] Unexpected token ')'
[     224ms] Unexpected token ')'
[     224ms] Unexpected token ')'
[     224ms] Unexpected token ')'
[     224ms] Unexpected token ')'
[     224ms] Unexpected token ')'
[     224ms] Unexpected token ')'
[     224ms] Unexpected token ')'
[     402ms] [ERROR] Failed to load resource: the server responded with a status of 404 () @ https://skills.lute-tlz-dddd.top/assets/playbook-data.js?v=20260702010332:0
[     470ms] [ERROR] Failed to load resource: the server responded with a status of 404 () @ https://skills.lute-tlz-dddd.top/auth/me:0
[     538ms] [ERROR] Failed to load resource: the server responded with a status of 404 () @ https://skills.lute-tlz-dddd.top/favicon.ico:0
[   17205ms] [ERROR] Failed to load resource: the server responded with a status of 404 () @ https://skills.lute-tlz-dddd.top/playbooks/index.html:0
[   17244ms] [ERROR] Failed to load resource: the server responded with a status of 404 () @ https://skills.lute-tlz-dddd.top/_next/static/chunks/16ns45puqjv2_.css:0
[   17245ms] [ERROR] Failed to load resource: the server responded with a status of 404 () @ https://skills.lute-tlz-dddd.top/_next/static/chunks/18jp8bn7uk6ch.js:0
[   17285ms] [ERROR] Failed to load resource: the server responded with a status of 404 () @ https://skills.lute-tlz-dddd.top/_next/static/chunks/3pp82pwnsu048.js:0
